jlp\perf\aspects\abstractAspects\*.java
#jlp\perf\aspects\util\*.java
#jlp\perf\aspects\gui\*.java

# pour CTW les classes de tests
#jlp\aspectj\test\*.java

attachapi\launcher\*.java
org\aspectj\weaver\loadtime\*.java
jlp\helper\*.java
jlp\aspectsJMX\mbean\*.java



## Aspects pour mbean

jlp\aspectsJMX\concreteAspects\*.aj
jlp\aspectsJMX\abstractAspects\*.aj

jlp\perf\aspects\abstractAspects\AbstractDurationSimpleMethodLengthParameters.aj
jlp\perf\aspects\abstractAspects\AbstractDurationSimpleMethodLengthParametersPercflow.aj
jlp\perf\aspects\abstractAspects\AbstractDurationSimpleMethodLengthReturn.aj
jlp\perf\aspects\abstractAspects\AbstractDurationSimpleMethodLengthReturnPercflow.aj
jlp\perf\aspects\abstractAspects\AbstractDurationSimpleMethodValueReturnPercflow.aj
jlp\perf\aspects\abstractAspects\AbstractDurationSimpleMethodValueReturn.aj
jlp\perf\aspects\abstractAspects\AbstractDurationSimpleMethodValueParametersPercflow.aj
jlp\perf\aspects\abstractAspects\AbstractDurationSimpleMethodValueParameters.aj
jlp\perf\aspects\abstractAspects\AbstractIntrospectionClass.aj
jlp\perf\aspects\abstractAspects\AbstractNbCallMethod.aj
jlp\perf\aspects\abstractAspects\AbstractGenericAspect.aj
jlp\perf\aspects\abstractAspects\AbstractPoolTomcatDBCPCountJDBCConnexionsMultiDS.aj
jlp\perf\aspects\abstractAspects\AbstractPoolTomcatDBCPCountJDBCConnexions.aj
jlp\perf\aspects\abstractAspects\AbstractPoolDBCPCountJDBCConnexionsMultiDS.aj
jlp\perf\aspects\abstractAspects\AbstractPoolDBCPCountJDBCConnexions.aj
jlp\perf\aspects\abstractAspects\AbstractIntrospectionException.aj
jlp\perf\aspects\abstractAspects\AbstractDurationSimpleMethodWithThreads.aj
jlp\perf\aspects\abstractAspects\AbstractDurationSimpleMethodWithParentPercflow.aj
jlp\perf\aspects\abstractAspects\AbstractDurationSimpleMethodWithParent.aj
jlp\perf\aspects\abstractAspects\AbstractDurationSimpleMethodValueParametersPertarget.aj
jlp\perf\aspects\abstractAspects\AbstractDurationSimpleMethodPercflow.aj
jlp\perf\aspects\abstractAspects\AbstractMethodHttpRequestParameters.aj
jlp\perf\aspects\abstractAspects\AbstractReplaceMethodWebSMS.aj
jlp\perf\aspects\abstractAspects\AbstractEhCacheSizeTracking.aj
jlp\perf\aspects\abstractAspects\AbstractCPUDurationSimpleMethodWithParentAndSignature.aj
jlp\perf\aspects\abstractAspects\AbstractCPUDurationSimpleMethodWithParentAndSignaturePerThis.aj
jlp\perf\aspects\abstractAspects\AbstractThreadCPUUsage.aj
jlp\perf\aspects\abstractAspects\AbstractToSynchroniseMethod.aj
jlp\perf\aspects\abstractAspects\AbstractHttpSessionSizeGeneric.aj
jlp\perf\aspects\abstractAspects\AbstractJPACacheFirstLevelSize.aj
jlp\perf\aspects\abstractAspects\AbstractTester.aj
## Supprime pour JVM 1.4
jlp\perf\aspects\abstractAspects\AbstractDurationSimpleMethodBeforeAfter.aj
jlp\perf\aspects\abstractAspects\AbstractCPUDurationSimpleMethodWithParent.aj
jlp\perf\aspects\abstractAspects\AbstractCPUDurationSimpleMethodWithParentWithoutLine.aj
jlp\perf\aspects\abstractAspects\AbstractCPUDurationSimpleMethodWithParentPercflow.aj
jlp\perf\aspects\abstractAspects\AbstractCPUDurationSimpleMethod.aj
jlp\perf\aspects\abstractAspects\AbstractDurationSimpleMethod.aj
jlp\perf\aspects\abstractAspects\AbstractDurationMethod.aj
jlp\perf\aspects\abstractAspects\AbstractDebugThrowingMethod.aj
jlp\perf\aspects\abstractAspects\AbstractCounterPhRef.aj
jlp\perf\aspects\abstractAspects\AbstractCounterInstances.aj
jlp\perf\aspects\abstractAspects\AbstractCounterAllInstancesWithParent.aj
jlp\perf\aspects\abstractAspects\AbstractCounterAllInstances.aj

###
##Supprime JVM 1.4
jlp\perf\aspects\concreteAspects\ConcreteSqlStatementsDurationPercflow.aj
jlp\perf\aspects\concreteAspects\ConcreteSqlStatementsDuration.aj
jlp\perf\aspects\concreteAspects\ConcreteSqlStatementsDurationBis.aj
jlp\perf\aspects\concreteAspects\ConcreteSqlStatementsDurationJVM14.aj
jlp\perf\aspects\concreteAspects\ConcreteJoltDurationServicesPercflow.aj
jlp\perf\aspects\concreteAspects\ConcreteJoltDurationServices.aj
jlp\perf\aspects\concreteAspects\ConcreteJaxrpcDurationServicesPercflow.aj
jlp\perf\aspects\concreteAspects\ConcreteJaxrpcDurationServices.aj
jlp\perf\aspects\concreteAspects\ConcreteCountJDBCConnexions.aj
jlp\perf\aspects\concreteAspects\ConcreteAxisDurationServicesPercflow.aj
jlp\perf\aspects\concreteAspects\ConcreteAxisDurationServices.aj
jlp\perf\aspects\concreteAspects\ConcreteHttpSessionSize.aj
jlp\perf\aspects\concreteAspects\ConcreteJPACacheFirstLevelSize.aj
jlp\perf\aspects\concreteAspects\ConcreteHttpSessionSizeJonas5.aj
jlp\perf\aspects\concreteAspects\ConcreteReplaceMethod.aj
jlp\perf\aspects\concreteAspects\ConcreteReplaceMethodWebSMS.aj
jlp\perf\aspects\concreteAspects\ConcreteWeaveThreadAndRunnable.aj
jlp\perf\aspects\concreteAspects\ConcreteEhCacheSizeTracking.aj
jlp\perf\aspects\concreteAspects\ConcreteHibernateSessionStatistic.aj
jlp\perf\aspects\concreteAspects\ConcreteHttpSessionSizeSimple.aj
jlp\perf\aspects\concreteAspects\ConcreteSqlStatementsThrowingException.aj
#jlp\perf\aspects\concreteAspects\ConcreteTester.aj